    Finished `test` profile [unoptimized + debuginfo] target(s) in 0.15s
     Running unittests src/lib.rs (target/debug/deps/pricegate_escrow-402b0b3428894892)

running 6 tests
test test::test_release_when_price_above ... ok
test test::test_refund_on_deadline_passed ... ok
test test::test_release_when_price_below ... ok
test test::test_create_gate ... ok
test test::test_unauthorized_caller_fails - should panic ... ok
test test::test_release_when_price_in_range ... ok

test result: ok. 6 passed; 0 failed; 0 ignored; 0 measured; 0 filtered out; finished in 0.08s

     Running unittests src/lib.rs (target/debug/deps/pricegate_oracle-3a9f0c433d7fab37)

running 2 tests
test test::test_decimals_returns_seven ... ok
test test::test_get_price_returns_value ... ok

test result: ok. 2 passed; 0 failed; 0 ignored; 0 measured; 0 filtered out; finished in 0.01s

